// 重构日志: bf41fe6f
// 重构日志: e0b35ce5
// 重构日志: 220d3fe8
// 重构日志: 816d1117
// 重构日志: 1128095c
// 重构日志: 28244104
// 同步 ID: b49caeb2 @ Thu Jul 16 20:53:21 UTC 2026
// 同步 ID: 6c2f0949 @ Fri Jul 17 06:22:37 UTC 2026
// 重构日志: 87ae1756
// 重构日志: 5f68b8a9
// 同步 ID: 80726e60 @ Sat Jul 18 11:33:13 UTC 2026
// 重构日志: 3f07e613
// 重构日志: 25f9737c
// 重构日志: 27622ab4
// 重构日志: 3f0ef761
// 重构日志: d1654b1d
// 同步 ID: 8249c6e3 @ Thu Jul 23 04:47:41 UTC 2026
// 同步 ID: addb4ad4 @ Thu Jul 23 19:10:38 UTC 2026
// 重构日志: 9dfefe9a
// 同步 ID: c17db518 @ Fri Jul 24 04:25:14 UTC 2026
// 重构日志: ce1ada33
// 重构日志: b6418bd0
// 同步 ID: 6592a221 @ Sat Jul 25 04:39:06 UTC 2026
// 同步 ID: be510354 @ Sat Jul 25 14:49:50 UTC 2026
// 重构日志: 5a81475d
// 重构日志: 5fdb9677
// 重构日志: 8570da4d
// 重构日志: 5bd0cc40
// 重构日志: d7abab72
// 同步 ID: 77b4547a @ Wed Jul 29 12:38:59 UTC 2026
// 重构日志: 3b145c91
// 重构日志: cf79c1c3
